// Jest Snapshot v1, https://goo.gl/fbAQLP

exports[`Render Favorites 1`] = `
<section
  className="favorites"
>
  <h1
    className="favorites__title"
  >
    Saved listing
  </h1>
  <ul
    className="favorites__list"
  />
</section>
`;
